{"level":"info","timestamp":"2026-07-23T18:00:24.442Z","message":"Database connected successfully"}
{"level":"info","timestamp":"2026-07-23T18:00:24.448Z","message":"Starting system monitoring with interval 300000ms"}
{"level":"warn","timestamp":"2026-07-23T18:00:24.457Z","message":"System memory usage exceeds threshold","memoryUsagePercent":94,"threshold":90,"freeMemoryMB":445}
{"level":"info","timestamp":"2026-07-23T18:00:24.470Z","message":"Server is running on port 5000"}
{"level":"info","timestamp":"2026-07-23T18:04:04.832Z","message":"[GET] /api/discount/all -> 304","method":"GET","url":"/api/discount/all","status":304,"duration":"267ms","ip":"::1"}
{"level":"info","timestamp":"2026-07-23T18:04:05.224Z","message":"[GET] /api/product/get -> 304","method":"GET","url":"/api/product/get","status":304,"duration":"298ms","ip":"::1"}
{"level":"info","timestamp":"2026-07-23T18:04:05.314Z","message":"[GET] /api/product/top-reviews -> 304","method":"GET","url":"/api/product/top-reviews","status":304,"duration":"393ms","ip":"::1"}
{"level":"info","timestamp":"2026-07-23T18:04:12.857Z","message":"[GET] /api/product/get -> 304","method":"GET","url":"/api/product/get","status":304,"duration":"20ms","ip":"::1"}
{"level":"info","timestamp":"2026-07-23T18:04:12.963Z","message":"[GET] /api/discount/all -> 304","method":"GET","url":"/api/discount/all","status":304,"duration":"133ms","ip":"::1"}
{"level":"info","timestamp":"2026-07-23T18:04:13.129Z","message":"[GET] /api/product/top-reviews -> 304","method":"GET","url":"/api/product/top-reviews","status":304,"duration":"296ms","ip":"::1"}
{"level":"info","timestamp":"2026-07-23T18:04:24.463Z","message":"[GET] /api/currency/rates -> 200","method":"GET","url":"/api/currency/rates","status":200,"duration":"3ms","ip":"::1"}
{"level":"info","timestamp":"2026-07-23T18:04:24.569Z","message":"[GET] /api/discount/all -> 304","method":"GET","url":"/api/discount/all","status":304,"duration":"102ms","ip":"::1"}
{"level":"info","timestamp":"2026-07-23T18:04:24.781Z","message":"[GET] /api/product/get/filter?page=1&limit=20&search=&sortBy=relevant&minPrice=0&maxPrice=20000 -> 200","method":"GET","url":"/api/product/get/filter?page=1&limit=20&search=&sortBy=relevant&minPrice=0&maxPrice=20000","status":200,"duration":"309ms","ip":"::1"}
{"level":"info","timestamp":"2026-07-23T18:04:31.684Z","message":"[GET] /api/product/get/filter?page=1&limit=20&search=&category=MEN&sortBy=relevant&minPrice=0&maxPrice=20000 -> 200","method":"GET","url":"/api/product/get/filter?page=1&limit=20&search=&category=MEN&sortBy=relevant&minPrice=0&maxPrice=20000","status":200,"duration":"194ms","ip":"::1"}
{"level":"info","timestamp":"2026-07-23T18:04:33.783Z","message":"[GET] /api/product/get/filter?page=1&limit=20&search=&sortBy=relevant&minPrice=0&maxPrice=20000 -> 304","method":"GET","url":"/api/product/get/filter?page=1&limit=20&search=&sortBy=relevant&minPrice=0&maxPrice=20000","status":304,"duration":"310ms","ip":"::1"}
{"level":"info","timestamp":"2026-07-23T18:04:35.527Z","message":"[GET] /api/product/get/filter?page=1&limit=20&search=&category=WOMEN&sortBy=relevant&minPrice=0&maxPrice=20000 -> 200","method":"GET","url":"/api/product/get/filter?page=1&limit=20&search=&category=WOMEN&sortBy=relevant&minPrice=0&maxPrice=20000","status":200,"duration":"167ms","ip":"::1"}
{"level":"info","timestamp":"2026-07-23T18:04:36.810Z","message":"[GET] /api/product/get/filter?page=1&limit=20&search=&sortBy=relevant&minPrice=0&maxPrice=20000 -> 304","method":"GET","url":"/api/product/get/filter?page=1&limit=20&search=&sortBy=relevant&minPrice=0&maxPrice=20000","status":304,"duration":"327ms","ip":"::1"}
{"level":"info","timestamp":"2026-07-23T18:04:43.836Z","message":"[GET] /api/product/get/filter?page=1&limit=20&search=&sortBy=newest&minPrice=0&maxPrice=20000 -> 200","method":"GET","url":"/api/product/get/filter?page=1&limit=20&search=&sortBy=newest&minPrice=0&maxPrice=20000","status":200,"duration":"401ms","ip":"::1"}
{"level":"info","timestamp":"2026-07-23T18:04:45.769Z","message":"[GET] /api/product/get/filter?page=1&limit=20&search=&sortBy=price-low-high&minPrice=0&maxPrice=20000 -> 200","method":"GET","url":"/api/product/get/filter?page=1&limit=20&search=&sortBy=price-low-high&minPrice=0&maxPrice=20000","status":200,"duration":"322ms","ip":"::1"}
{"level":"info","timestamp":"2026-07-23T18:04:51.256Z","message":"[GET] /api/product/get/filter?page=1&limit=20&search=&sortBy=price-high-low&minPrice=0&maxPrice=20000 -> 200","method":"GET","url":"/api/product/get/filter?page=1&limit=20&search=&sortBy=price-high-low&minPrice=0&maxPrice=20000","status":200,"duration":"324ms","ip":"::1"}
{"level":"info","timestamp":"2026-07-23T18:04:53.784Z","message":"[GET] /api/product/get/filter?page=1&limit=20&search=&sortBy=relevant&minPrice=0&maxPrice=20000 -> 304","method":"GET","url":"/api/product/get/filter?page=1&limit=20&search=&sortBy=relevant&minPrice=0&maxPrice=20000","status":304,"duration":"307ms","ip":"::1"}
{"level":"info","timestamp":"2026-07-23T18:04:56.024Z","message":"[GET] /api/product/get/6a46bae1ec9ce3ab9727b6f6 -> 200","method":"GET","url":"/api/product/get/6a46bae1ec9ce3ab9727b6f6","status":200,"duration":"91ms","ip":"::1"}
{"level":"info","timestamp":"2026-07-23T18:04:56.031Z","message":"[GET] /api/product/reviews/6a46bae1ec9ce3ab9727b6f6 -> 200","method":"GET","url":"/api/product/reviews/6a46bae1ec9ce3ab9727b6f6","status":200,"duration":"88ms","ip":"::1"}
{"level":"info","timestamp":"2026-07-23T18:04:56.145Z","message":"[GET] /api/product/similar?category=FOOTWEAR&subcategory=Formal+Shoes&exclude=6a46bae1ec9ce3ab9727b6f6 -> 200","method":"GET","url":"/api/product/similar?category=FOOTWEAR&subcategory=Formal+Shoes&exclude=6a46bae1ec9ce3ab9727b6f6","status":200,"duration":"65ms","ip":"::1"}
{"level":"info","timestamp":"2026-07-23T18:04:56.232Z","message":"[GET] /api/product/trending?limit=8 -> 200","method":"GET","url":"/api/product/trending?limit=8","status":200,"duration":"148ms","ip":"::1"}
{"level":"info","timestamp":"2026-07-23T18:04:56.265Z","message":"[GET] /api/product/frequently-bought-together/6a46bae1ec9ce3ab9727b6f6 -> 200","method":"GET","url":"/api/product/frequently-bought-together/6a46bae1ec9ce3ab9727b6f6","status":200,"duration":"170ms","ip":"::1"}
{"level":"info","timestamp":"2026-07-23T18:05:02.656Z","message":"[GET] /api/product/get -> 304","method":"GET","url":"/api/product/get","status":304,"duration":"6ms","ip":"::1"}
{"level":"info","timestamp":"2026-07-23T18:05:02.679Z","message":"[GET] /api/discount/all -> 304","method":"GET","url":"/api/discount/all","status":304,"duration":"77ms","ip":"::1"}
{"level":"info","timestamp":"2026-07-23T18:05:02.825Z","message":"[GET] /api/product/top-reviews -> 304","method":"GET","url":"/api/product/top-reviews","status":304,"duration":"178ms","ip":"::1"}
